br\com\coinwalletoff\ExchengesCore\BlockchainController$3.class
br\com\coinwalletoff\Add_altController.class
br\com\coinwalletoff\ExchengesCore\BlockchainController$1$1.class
br\com\coinwalletoff\FXMLController$Coin.class
br\com\coinwalletoff\FXMLController$3$2.class
br\com\coinwalletoff\ExchengesCore\BlockchainController.class
br\com\coinwalletoff\ExchengesCore\Ethereum.class
br\com\coinwalletoff\ExchengesCore\Exchange_MercadoBitcoin.class
br\com\coinwalletoff\ConfigController.class
br\com\coinwalletoff\ExchengesCore\BlockchainController$4.class
br\com\coinwalletoff\Util\Backupgdrive.class
br\com\coinwalletoff\FXMLController.class
br\com\coinwalletoff\FXMLController$3.class
br\com\coinwalletoff\Conexaodb\conn_db.class
br\com\coinwalletoff\FXMLController$3$1.class
br\com\coinwalletoff\MainApp.class
br\com\coinwalletoff\ConfigController$Coinaddapi.class
br\com\coinwalletoff\Util\Googledrive.class
br\com\coinwalletoff\ExchengesCore\BlockchainController$1.class
br\com\coinwalletoff\ConfigController$1.class
br\com\coinwalletoff\ExchengesCore\BlockchainController$2$1.class
br\com\coinwalletoff\ConfigController$Coin.class
br\com\coinwalletoff\Util\Chave.class
br\com\coinwalletoff\ExchengesCore\BlockchainController$Coinmovi.class
br\com\coinwalletoff\Util\Getcredencialgdrive.class
br\com\coinwalletoff\ExchengesCore\Bitcoin.class
br\com\coinwalletoff\FXMLController$2.class
br\com\coinwalletoff\Util\Runbackup$2.class
br\com\coinwalletoff\MainApp$1.class
br\com\coinwalletoff\Conexaodb\Criabasedados.class
br\com\coinwalletoff\ExchengesCore\HttpCliente.class
br\com\coinwalletoff\FXMLController$1.class
br\com\coinwalletoff\ExchengesCore\Blockchain.class
br\com\coinwalletoff\ConfigController$2.class
br\com\coinwalletoff\FXMLController$2$1.class
br\com\coinwalletoff\ExchengesCore\arraymovi.class
br\com\coinwalletoff\ConfigController$Coinbackup.class
br\com\coinwalletoff\ExchengesCore\BlockchainController$4$1.class
br\com\coinwalletoff\ExchengesCore\BlockchainController$2.class
br\com\coinwalletoff\Util\Runbackup.class
br\com\coinwalletoff\MainApp$1$1.class
br\com\coinwalletoff\Util\Runbackup$1.class
