C:\Users\cassio\Documents\NetBeansProjects\coinwalletoff\src\main\java\br\com\coinwalletoff\ConfigController.java
C:\Users\cassio\Documents\NetBeansProjects\coinwalletoff\src\main\java\br\com\coinwalletoff\ExchengesCore\Bitcoin.java
C:\Users\cassio\Documents\NetBeansProjects\coinwalletoff\src\main\java\br\com\coinwalletoff\Conexaodb\conn_db.java
C:\Users\cassio\Documents\NetBeansProjects\coinwalletoff\src\main\java\br\com\coinwalletoff\ExchengesCore\Blockchain.java
C:\Users\cassio\Documents\NetBeansProjects\coinwalletoff\src\main\java\br\com\coinwalletoff\ExchengesCore\BlockchainController.java
C:\Users\cassio\Documents\NetBeansProjects\coinwalletoff\src\main\java\br\com\coinwalletoff\ExchengesCore\Exchange_MercadoBitcoin.java
C:\Users\cassio\Documents\NetBeansProjects\coinwalletoff\src\main\java\br\com\coinwalletoff\ExchengesCore\Ethereum.java
C:\Users\cassio\Documents\NetBeansProjects\coinwalletoff\src\main\java\br\com\coinwalletoff\Util\Backupgdrive.java
C:\Users\cassio\Documents\NetBeansProjects\coinwalletoff\src\main\java\br\com\coinwalletoff\MainApp.java
C:\Users\cassio\Documents\NetBeansProjects\coinwalletoff\src\main\java\br\com\coinwalletoff\Util\Chave.java
C:\Users\cassio\Documents\NetBeansProjects\coinwalletoff\src\main\java\br\com\coinwalletoff\FXMLController.java
C:\Users\cassio\Documents\NetBeansProjects\coinwalletoff\src\main\java\br\com\coinwalletoff\Util\Runbackup.java
C:\Users\cassio\Documents\NetBeansProjects\coinwalletoff\src\main\java\br\com\coinwalletoff\Add_altController.java
C:\Users\cassio\Documents\NetBeansProjects\coinwalletoff\src\main\java\br\com\coinwalletoff\Util\Getcredencialgdrive.java
C:\Users\cassio\Documents\NetBeansProjects\coinwalletoff\src\main\java\br\com\coinwalletoff\Conexaodb\Criabasedados.java
C:\Users\cassio\Documents\NetBeansProjects\coinwalletoff\src\main\java\br\com\coinwalletoff\ExchengesCore\HttpCliente.java
C:\Users\cassio\Documents\NetBeansProjects\coinwalletoff\src\main\java\br\com\coinwalletoff\Util\Googledrive.java
